Looking in indexes: https://download.pytorch.org/whl/cu124
Collecting torch==2.6.0
  Downloading https://download-r2.pytorch.org/whl/cu124/torch-2.6.0%2Bcu124-cp311-cp311-linux_x86_64.whl.metadata (28 kB)
Collecting torchvision==0.21.0
  Downloading https://download-r2.pytorch.org/whl/cu124/torchvision-0.21.0%2Bcu124-cp311-cp311-linux_x86_64.whl.metadata (6.1 kB)
Collecting filelock (from torch==2.6.0)
  Downloading filelock-3.32.3-py3-none-any.whl.metadata (2.0 kB)
Collecting typing-extensions>=4.10.0 (from torch==2.6.0)
  Downloading typing_extensions-4.16.0-py3-none-any.whl.metadata (3.3 kB)
Collecting networkx (from torch==2.6.0)
  Downloading networkx-3.6.1-py3-none-any.whl.metadata (6.8 kB)
Collecting jinja2 (from torch==2.6.0)
  Downloading https://download.pytorch.org/whl/jinja2-3.1.6-py3-none-any.whl.metadata (2.9 kB)
Collecting fsspec (from torch==2.6.0)
  Downloading fsspec-2026.7.0-py3-none-any.whl.metadata (10 kB)
Collecting nvidia-cuda-nvrtc-cu12==12.4.127 (from torch==2.6.0)
  Downloading https://pypi.nvidia.com/nvidia-cuda-nvrtc-cu12/nvidia_cuda_nvrtc_cu12-12.4.127-py3-none-manylinux2014_x86_64.whl (24.6 MB)
     ━━━━━━━━━━━━━━━━━━━━━━━━━━━━━━━━━━━━━━━━ 24.6/24.6 MB 49.9 MB/s eta 0:00:00
Collecting nvidia-cuda-runtime-cu12==12.4.127 (from torch==2.6.0)
  Downloading https://pypi.nvidia.com/nvidia-cuda-runtime-cu12/nvidia_cuda_runtime_cu12-12.4.127-py3-none-manylinux2014_x86_64.whl (883 kB)
     ━━━━━━━━━━━━━━━━━━━━━━━━━━━━━━━━━━━━━━ 883.7/883.7 kB 27.5 MB/s eta 0:00:00
Collecting nvidia-cuda-cupti-cu12==12.4.127 (from torch==2.6.0)
  Downloading https://pypi.nvidia.com/nvidia-cuda-cupti-cu12/nvidia_cuda_cupti_cu12-12.4.127-py3-none-manylinux2014_x86_64.whl (13.8 MB)
     ━━━━━━━━━━━━━━━━━━━━━━━━━━━━━━━━━━━━━━━━ 13.8/13.8 MB 62.4 MB/s eta 0:00:00
Collecting nvidia-cudnn-cu12==9.1.0.70 (from torch==2.6.0)
  Downloading https://download.pytorch.org/whl/cu124/nvidia_cudnn_cu12-9.1.0.70-py3-none-manylinux2014_x86_64.whl (664.8 MB)
     ━━━━━━━━━━━━━━━━━━━━━━━━━━━━━━━━━━━━━━━ 664.8/664.8 MB 6.2 MB/s eta 0:00:00
Collecting nvidia-cublas-cu12==12.4.5.8 (from torch==2.6.0)
  Downloading https://pypi.nvidia.com/nvidia-cublas-cu12/nvidia_cublas_cu12-12.4.5.8-py3-none-manylinux2014_x86_64.whl (363.4 MB)
     ━━━━━━━━━━━━━━━━━━━━━━━━━━━━━━━━━━━━━━ 363.4/363.4 MB 11.3 MB/s eta 0:00:00
Collecting nvidia-cufft-cu12==11.2.1.3 (from torch==2.6.0)
  Downloading https://pypi.nvidia.com/nvidia-cufft-cu12/nvidia_cufft_cu12-11.2.1.3-py3-none-manylinux2014_x86_64.whl (211.5 MB)
     ━━━━━━━━━━━━━━━━━━━━━━━━━━━━━━━━━━━━━━ 211.5/211.5 MB 16.5 MB/s eta 0:00:00
Collecting nvidia-curand-cu12==10.3.5.147 (from torch==2.6.0)
  Downloading https://pypi.nvidia.com/nvidia-curand-cu12/nvidia_curand_cu12-10.3.5.147-py3-none-manylinux2014_x86_64.whl (56.3 MB)
     ━━━━━━━━━━━━━━━━━━━━━━━━━━━━━━━━━━━━━━━━ 56.3/56.3 MB 20.3 MB/s eta 0:00:00
Collecting nvidia-cusolver-cu12==11.6.1.9 (from torch==2.6.0)
  Downloading https://pypi.nvidia.com/nvidia-cusolver-cu12/nvidia_cusolver_cu12-11.6.1.9-py3-none-manylinux2014_x86_64.whl (127.9 MB)
     ━━━━━━━━━━━━━━━━━━━━━━━━━━━━━━━━━━━━━━ 127.9/127.9 MB 19.9 MB/s eta 0:00:00
Collecting nvidia-cusparse-cu12==12.3.1.170 (from torch==2.6.0)
  Downloading https://pypi.nvidia.com/nvidia-cusparse-cu12/nvidia_cusparse_cu12-12.3.1.170-py3-none-manylinux2014_x86_64.whl (207.5 MB)
     ━━━━━━━━━━━━━━━━━━━━━━━━━━━━━━━━━━━━━━ 207.5/207.5 MB 17.1 MB/s eta 0:00:00
Collecting nvidia-cusparselt-cu12==0.6.2 (from torch==2.6.0)
  Downloading https://pypi.nvidia.com/nvidia-cusparselt-cu12/nvidia_cusparselt_cu12-0.6.2-py3-none-manylinux2014_x86_64.whl (150.1 MB)
     ━━━━━━━━━━━━━━━━━━━━━━━━━━━━━━━━━━━━━━ 150.1/150.1 MB 20.1 MB/s eta 0:00:00
Collecting nvidia-nccl-cu12==2.21.5 (from torch==2.6.0)
  Downloading https://pypi.nvidia.com/nvidia-nccl-cu12/nvidia_nccl_cu12-2.21.5-py3-none-manylinux2014_x86_64.whl (188.7 MB)
     ━━━━━━━━━━━━━━━━━━━━━━━━━━━━━━━━━━━━━━ 188.7/188.7 MB 17.2 MB/s eta 0:00:00
Collecting nvidia-nvtx-cu12==12.4.127 (from torch==2.6.0)
  Downloading https://pypi.nvidia.com/nvidia-nvtx-cu12/nvidia_nvtx_cu12-12.4.127-py3-none-manylinux2014_x86_64.whl (99 kB)
     ━━━━━━━━━━━━━━━━━━━━━━━━━━━━━━━━━━━━━━━━ 99.1/99.1 kB 5.0 MB/s eta 0:00:00
Collecting nvidia-nvjitlink-cu12==12.4.127 (from torch==2.6.0)
  Downloading https://pypi.nvidia.com/nvidia-nvjitlink-cu12/nvidia_nvjitlink_cu12-12.4.127-py3-none-manylinux2014_x86_64.whl (21.1 MB)
     ━━━━━━━━━━━━━━━━━━━━━━━━━━━━━━━━━━━━━━━━ 21.1/21.1 MB 58.6 MB/s eta 0:00:00
Collecting triton==3.2.0 (from torch==2.6.0)
  Downloading https://download-r2.pytorch.org/whl/triton-3.2.0-cp311-cp311-manylinux_2_27_x86_64.manylinux_2_28_x86_64.whl.metadata (1.4 kB)
Collecting sympy==1.13.1 (from torch==2.6.0)
  Downloading sympy-1.13.1-py3-none-any.whl.metadata (12 kB)
Collecting numpy (from torchvision==0.21.0)
  Downloading numpy-2.4.6-cp311-cp311-manylinux_2_27_x86_64.manylinux_2_28_x86_64.whl.metadata (6.6 kB)
Collecting pillow!=8.3.*,>=5.3.0 (from torchvision==0.21.0)
  Downloading pillow-12.3.0-cp311-cp311-manylinux_2_27_x86_64.manylinux_2_28_x86_64.whl.metadata (9.1 kB)
Collecting mpmath<1.4,>=1.1.0 (from sympy==1.13.1->torch==2.6.0)
  Downloading mpmath-1.3.0-py3-none-any.whl.metadata (8.6 kB)
Collecting MarkupSafe>=2.0 (from jinja2->torch==2.6.0)
  Downloading https://download.pytorch.org/whl/markupsafe-3.0.3-cp311-cp311-manylinux2014_x86_64.manylinux_2_17_x86_64.manylinux_2_28_x86_64.whl.metadata (2.7 kB)
Downloading https://download-r2.pytorch.org/whl/cu124/torch-2.6.0%2Bcu124-cp311-cp311-linux_x86_64.whl (768.5 MB)
   ━━━━━━━━━━━━━━━━━━━━━━━━━━━━━━━━━━━━━━━━ 768.5/768.5 MB 5.3 MB/s eta 0:00:00
Downloading https://download-r2.pytorch.org/whl/cu124/torchvision-0.21.0%2Bcu124-cp311-cp311-linux_x86_64.whl (7.3 MB)
   ━━━━━━━━━━━━━━━━━━━━━━━━━━━━━━━━━━━━━━━━ 7.3/7.3 MB 45.2 MB/s eta 0:00:00
Downloading sympy-1.13.1-py3-none-any.whl (6.2 MB)
   ━━━━━━━━━━━━━━━━━━━━━━━━━━━━━━━━━━━━━━━━ 6.2/6.2 MB 8.4 MB/s eta 0:00:00
Downloading https://download-r2.pytorch.org/whl/triton-3.2.0-cp311-cp311-manylinux_2_27_x86_64.manylinux_2_28_x86_64.whl (166.7 MB)
   ━━━━━━━━━━━━━━━━━━━━━━━━━━━━━━━━━━━━━━━━ 166.7/166.7 MB 17.1 MB/s eta 0:00:00
Downloading pillow-12.3.0-cp311-cp311-manylinux_2_27_x86_64.manylinux_2_28_x86_64.whl (6.9 MB)
   ━━━━━━━━━━━━━━━━━━━━━━━━━━━━━━━━━━━━━━━━ 6.9/6.9 MB 36.9 MB/s eta 0:00:00
Downloading typing_extensions-4.16.0-py3-none-any.whl (45 kB)
   ━━━━━━━━━━━━━━━━━━━━━━━━━━━━━━━━━━━━━━━━ 45.6/45.6 kB 1.8 MB/s eta 0:00:00
Downloading filelock-3.32.3-py3-none-any.whl (98 kB)
   ━━━━━━━━━━━━━━━━━━━━━━━━━━━━━━━━━━━━━━━━ 98.9/98.9 kB 5.6 MB/s eta 0:00:00
Downloading fsspec-2026.7.0-py3-none-any.whl (206 kB)
   ━━━━━━━━━━━━━━━━━━━━━━━━━━━━━━━━━━━━━━━━ 206.6/206.6 kB 10.2 MB/s eta 0:00:00
Downloading https://download.pytorch.org/whl/jinja2-3.1.6-py3-none-any.whl (134 kB)
   ━━━━━━━━━━━━━━━━━━━━━━━━━━━━━━━━━━━━━━━━ 134.9/134.9 kB 7.3 MB/s eta 0:00:00
Downloading networkx-3.6.1-py3-none-any.whl (2.1 MB)
   ━━━━━━━━━━━━━━━━━━━━━━━━━━━━━━━━━━━━━━━━ 2.1/2.1 MB 40.1 MB/s eta 0:00:00
Downloading numpy-2.4.6-cp311-cp311-manylinux_2_27_x86_64.manylinux_2_28_x86_64.whl (16.9 MB)
   ━━━━━━━━━━━━━━━━━━━━━━━━━━━━━━━━━━━━━━━━ 16.9/16.9 MB 28.0 MB/s eta 0:00:00
Downloading https://download.pytorch.org/whl/markupsafe-3.0.3-cp311-cp311-manylinux2014_x86_64.manylinux_2_17_x86_64.manylinux_2_28_x86_64.whl (22 kB)
Downloading mpmath-1.3.0-py3-none-any.whl (536 kB)
   ━━━━━━━━━━━━━━━━━━━━━━━━━━━━━━━━━━━━━━━━ 536.2/536.2 kB 19.2 MB/s eta 0:00:00
Installing collected packages: triton, nvidia-cusparselt-cu12, mpmath, typing-extensions, sympy, pillow, nvidia-nvtx-cu12, nvidia-nvjitlink-cu12, nvidia-nccl-cu12, nvidia-curand-cu12, nvidia-cufft-cu12, nvidia-cuda-runtime-cu12, nvidia-cuda-nvrtc-cu12, nvidia-cuda-cupti-cu12, nvidia-cublas-cu12, numpy, networkx, MarkupSafe, fsspec, filelock, nvidia-cusparse-cu12, nvidia-cudnn-cu12, jinja2, nvidia-cusolver-cu12, torch, torchvision
Successfully installed MarkupSafe-3.0.3 filelock-3.32.3 fsspec-2026.7.0 jinja2-3.1.6 mpmath-1.3.0 networkx-3.6.1 numpy-2.4.6 nvidia-cublas-cu12-12.4.5.8 nvidia-cuda-cupti-cu12-12.4.127 nvidia-cuda-nvrtc-cu12-12.4.127 nvidia-cuda-runtime-cu12-12.4.127 nvidia-cudnn-cu12-9.1.0.70 nvidia-cufft-cu12-11.2.1.3 nvidia-curand-cu12-10.3.5.147 nvidia-cusolver-cu12-11.6.1.9 nvidia-cusparse-cu12-12.3.1.170 nvidia-cusparselt-cu12-0.6.2 nvidia-nccl-cu12-2.21.5 nvidia-nvjitlink-cu12-12.4.127 nvidia-nvtx-cu12-12.4.127 pillow-12.3.0 sympy-1.13.1 torch-2.6.0+cu124 torchvision-0.21.0+cu124 triton-3.2.0 typing-extensions-4.16.0
Looking in indexes: https://mirrors.aliyun.com/pypi/simple
Collecting numpy==1.26.4 (from -r requirements-linux.txt (line 2))
  Downloading https://mirrors.aliyun.com/pypi/packages/3a/d0/edc009c27b406c4f9cbc79274d6e46d634d139075492ad055e3d68445925/numpy-1.26.4-cp311-cp311-manylinux_2_17_x86_64.manylinux2014_x86_64.whl (18.3 MB)
     ━━━━━━━━━━━━━━━━━━━━━━━━━━━━━━━━━━━━━━━ 18.3/18.3 MB 632.4 kB/s eta 0:00:00
Collecting scipy==1.15.3 (from -r requirements-linux.txt (line 3))
  Downloading https://mirrors.aliyun.com/pypi/packages/bd/37/89f19c8c05505d0601ed5650156e50eb881ae3918786c8fd7262b4ee66d3/scipy-1.15.3-cp311-cp311-manylinux_2_17_x86_64.manylinux2014_x86_64.whl (37.7 MB)
     ━━━━━━━━━━━━━━━━━━━━━━━━━━━━━━━━━━━━━━━ 37.7/37.7 MB 761.9 kB/s eta 0:00:00
Collecting timm==1.0.16 (from -r requirements-linux.txt (line 4))
  Downloading https://mirrors.aliyun.com/pypi/packages/3b/14/10d0ea58a7580b8bd7c8d69420b3dc3a1deb890d4ff297deca9717689598/timm-1.0.16-py3-none-any.whl.metadata (57 kB)
     ━━━━━━━━━━━━━━━━━━━━━━━━━━━━━━━━━━━━━━━━ 57.6/57.6 kB 2.4 MB/s eta 0:00:00
Collecting einops==0.8.1 (from -r requirements-linux.txt (line 5))
  Downloading https://mirrors.aliyun.com/pypi/packages/87/62/9773de14fe6c45c23649e98b83231fffd7b9892b6cf863251dc2afa73643/einops-0.8.1-py3-none-any.whl (64 kB)
     ━━━━━━━━━━━━━━━━━━━━━━━━━━━━━━━━━━━━━━━━ 64.4/64.4 kB 2.0 MB/s eta 0:00:00
Collecting Pillow==11.2.1 (from -r requirements-linux.txt (line 6))
  Downloading https://mirrors.aliyun.com/pypi/packages/20/f2/805ad600fc59ebe4f1ba6129cd3a75fb0da126975c8579b8f57abeb61e80/pillow-11.2.1-cp311-cp311-manylinux_2_28_x86_64.whl (4.6 MB)
     ━━━━━━━━━━━━━━━━━━━━━━━━━━━━━━━━━━━━━━━━ 4.6/4.6 MB 734.1 kB/s eta 0:00:00
Collecting opencv-python-headless==4.11.0.86 (from -r requirements-linux.txt (line 7))
  Downloading https://mirrors.aliyun.com/pypi/packages/dd/5c/c139a7876099916879609372bfa513b7f1257f7f1a908b0bdc1c2328241b/opencv_python_headless-4.11.0.86-cp37-abi3-manylinux_2_17_x86_64.manylinux2014_x86_64.whl (50.0 MB)
     ━━━━━━━━━━━━━━━━━━━━━━━━━━━━━━━━━━━━━━━ 50.0/50.0 MB 729.0 kB/s eta 0:00:00
Collecting scikit-image==0.25.2 (from -r requirements-linux.txt (line 8))
  Downloading https://mirrors.aliyun.com/pypi/packages/dd/9b/9fb556463a34d9842491d72a421942c8baff4281025859c84fcdb5e7e602/scikit_image-0.25.2-cp311-cp311-manylinux_2_17_x86_64.manylinux2014_x86_64.whl (14.8 MB)
     ━━━━━━━━━━━━━━━━━━━━━━━━━━━━━━━━━━━━━━━ 14.8/14.8 MB 790.3 kB/s eta 0:00:00
Collecting pytest==8.3.5 (from -r requirements-linux.txt (line 9))
  Downloading https://mirrors.aliyun.com/pypi/packages/30/3d/64ad57c803f1fa1e963a7946b6e0fea4a70df53c1a7fed304586539c2bac/pytest-8.3.5-py3-none-any.whl (343 kB)
     ━━━━━━━━━━━━━━━━━━━━━━━━━━━━━━━━━━━━━ 343.6/343.6 kB 789.4 kB/s eta 0:00:00
Collecting matplotlib==3.10.3 (from -r requirements-linux.txt (line 10))
  Downloading https://mirrors.aliyun.com/pypi/packages/e7/e3/c82963a3b86d6e6d5874cbeaa390166458a7f1961bab9feb14d3d1a10f02/matplotlib-3.10.3-cp311-cp311-manylinux_2_17_x86_64.manylinux2014_x86_64.whl (8.6 MB)
     ━━━━━━━━━━━━━━━━━━━━━━━━━━━━━━━━━━━━━━━━ 8.6/8.6 MB 722.2 kB/s eta 0:00:00
Collecting reportlab==4.4.1 (from -r requirements-linux.txt (line 11))
  Downloading https://mirrors.aliyun.com/pypi/packages/a1/2e/7994a139150abf11c8dd258feb091ad654823a83cfd9720bfdded27185c3/reportlab-4.4.1-py3-none-any.whl (2.0 MB)
     ━━━━━━━━━━━━━━━━━━━━━━━━━━━━━━━━━━━━━━━━ 2.0/2.0 MB 797.0 kB/s eta 0:00:00
Collecting pypdf==5.6.0 (from -r requirements-linux.txt (line 12))
  Downloading https://mirrors.aliyun.com/pypi/packages/71/8b/dc3a72d98c22be7a4cbd664ad14c5a3e6295c2dbdf572865ed61e24b5e38/pypdf-5.6.0-py3-none-any.whl (304 kB)
     ━━━━━━━━━━━━━━━━━━━━━━━━━━━━━━━━━━━━━━━ 304.2/304.2 kB 1.3 MB/s eta 0:00:00
Requirement already satisfied: torch in ./.venv-linux/lib/python3.11/site-packages (from timm==1.0.16->-r requirements-linux.txt (line 4)) (2.6.0+cu124)
Requirement already satisfied: torchvision in ./.venv-linux/lib/python3.11/site-packages (from timm==1.0.16->-r requirements-linux.txt (line 4)) (0.21.0+cu124)
Collecting pyyaml (from timm==1.0.16->-r requirements-linux.txt (line 4))
  Downloading https://mirrors.aliyun.com/pypi/packages/71/60/917329f640924b18ff085ab889a11c763e0b573da888e8404ff486657602/pyyaml-6.0.3-cp311-cp311-manylinux2014_x86_64.manylinux_2_17_x86_64.manylinux_2_28_x86_64.whl (806 kB)
     ━━━━━━━━━━━━━━━━━━━━━━━━━━━━━━━━━━━━━━━ 806.6/806.6 kB 1.3 MB/s eta 0:00:00
Collecting huggingface_hub (from timm==1.0.16->-r requirements-linux.txt (line 4))
  Downloading https://mirrors.aliyun.com/pypi/packages/33/23/885b3a3b510c305f1d84421913935e19b6a48b93d173a0541674c1e88c2a/huggingface_hub-2.1.1-py3-none-any.whl.metadata (16 kB)
Collecting safetensors (from timm==1.0.16->-r requirements-linux.txt (line 4))
  Downloading https://mirrors.aliyun.com/pypi/packages/28/50/f203ff3a3ddfe19308efc83c5a3a29ed02bf786732ec35e68bf9162f3365/safetensors-0.8.0-cp310-abi3-manylinux_2_17_x86_64.manylinux2014_x86_64.whl.metadata (4.2 kB)
Requirement already satisfied: networkx>=3.0 in ./.venv-linux/lib/python3.11/site-packages (from scikit-image==0.25.2->-r requirements-linux.txt (line 8)) (3.6.1)
Collecting imageio!=2.35.0,>=2.33 (from scikit-image==0.25.2->-r requirements-linux.txt (line 8))
  Downloading https://mirrors.aliyun.com/pypi/packages/7d/8a/3b7f62b9df56460959f1b9bef094248d2a4d7f393c5b0d2da8efcdf0e40e/imageio-2.38.1-py3-none-any.whl.metadata (9.7 kB)
Collecting tifffile>=2022.8.12 (from scikit-image==0.25.2->-r requirements-linux.txt (line 8))
  Downloading https://mirrors.aliyun.com/pypi/packages/1a/e4/e804505f87627cd8cdae9c010c47c4485fd8c1ce31a7dd0ab7fcc4707377/tifffile-2026.3.3-py3-none-any.whl.metadata (31 kB)
Collecting packaging>=21 (from scikit-image==0.25.2->-r requirements-linux.txt (line 8))
  Downloading https://mirrors.aliyun.com/pypi/packages/63/34/ba1c580383c9eada3711951fef0795c80b829a078d72188184bcab9dd527/packaging-26.3-py3-none-any.whl (129 kB)
     ━━━━━━━━━━━━━━━━━━━━━━━━━━━━━━━━━━━━━━━ 130.0/130.0 kB 8.1 MB/s eta 0:00:00
Collecting lazy-loader>=0.4 (from scikit-image==0.25.2->-r requirements-linux.txt (line 8))
  Downloading https://mirrors.aliyun.com/pypi/packages/23/93/4e45e37f26c820216704b36b8e67cc55c490a7abd287a78a26a2c0e21386/lazy_loader-0.6-py3-none-any.whl.metadata (6.0 kB)
Collecting iniconfig (from pytest==8.3.5->-r requirements-linux.txt (line 9))
  Downloading https://mirrors.aliyun.com/pypi/packages/56/43/4ca9e49d27a1fcf6bece6f6aec0ea46bb9112489b93d4b688fb415457bdb/iniconfig-2.3.1-py3-none-any.whl.metadata (2.8 kB)
Collecting pluggy<2,>=1.5 (from pytest==8.3.5->-r requirements-linux.txt (line 9))
  Downloading https://mirrors.aliyun.com/pypi/packages/54/20/4d324d65cc6d9205fabedc306948156824eb9f0ee1633355a8f7ec5c66bf/pluggy-1.6.0-py3-none-any.whl (20 kB)
Collecting contourpy>=1.0.1 (from matplotlib==3.10.3->-r requirements-linux.txt (line 10))
  Downloading https://mirrors.aliyun.com/pypi/packages/5f/4b/6157f24ca425b89fe2eb7e7be642375711ab671135be21e6faa100f7448c/contourpy-1.3.3-cp311-cp311-manylinux_2_27_x86_64.manylinux_2_28_x86_64.whl (355 kB)
     ━━━━━━━━━━━━━━━━━━━━━━━━━━━━━━━━━━━━━━━ 355.2/355.2 kB 1.5 MB/s eta 0:00:00
Collecting cycler>=0.10 (from matplotlib==3.10.3->-r requirements-linux.txt (line 10))
  Downloading https://mirrors.aliyun.com/pypi/packages/e7/05/c19819d5e3d95294a6f5947fb9b9629efb316b96de511b418c53d245aae6/cycler-0.12.1-py3-none-any.whl (8.3 kB)
Collecting fonttools>=4.22.0 (from matplotlib==3.10.3->-r requirements-linux.txt (line 10))
  Downloading https://mirrors.aliyun.com/pypi/packages/c3/e0/ed45f50fe7a7320656ac7dde60f26afa3a92a21e14749135b4c03f3385b7/fonttools-4.66.1-cp311-cp311-manylinux2014_x86_64.manylinux_2_17_x86_64.whl.metadata (130 kB)
     ━━━━━━━━━━━━━━━━━━━━━━━━━━━━━━━━━━━━━━━ 130.1/130.1 kB 6.7 MB/s eta 0:00:00
Collecting kiwisolver>=1.3.1 (from matplotlib==3.10.3->-r requirements-linux.txt (line 10))
  Downloading https://mirrors.aliyun.com/pypi/packages/89/00/05c2d0369ac322d22d5c05f84b5c4a6856fa6207fbae42869108a28f0383/kiwisolver-1.5.1-cp311-cp311-manylinux2014_x86_64.manylinux_2_17_x86_64.whl (1.4 MB)
     ━━━━━━━━━━━━━━━━━━━━━━━━━━━━━━━━━━━━━━━━ 1.4/1.4 MB 994.3 kB/s eta 0:00:00
Collecting pyparsing>=2.3.1 (from matplotlib==3.10.3->-r requirements-linux.txt (line 10))
  Downloading https://mirrors.aliyun.com/pypi/packages/38/bb/d215ee7c73b61497b28a5503f9f53523f294fcc936762b7caf90e0c1c2b5/pyparsing-3.3.3-py3-none-any.whl.metadata (5.9 kB)
Collecting python-dateutil>=2.7 (from matplotlib==3.10.3->-r requirements-linux.txt (line 10))
  Downloading https://mirrors.aliyun.com/pypi/packages/ec/57/56b9bcc3c9c6a792fcbaf139543cee77261f3651ca9da0c93f5c1221264b/python_dateutil-2.9.0.post0-py2.py3-none-any.whl (229 kB)
     ━━━━━━━━━━━━━━━━━━━━━━━━━━━━━━━━━━━━━━ 229.9/229.9 kB 10.6 MB/s eta 0:00:00
Collecting chardet (from reportlab==4.4.1->-r requirements-linux.txt (line 11))
  Downloading https://mirrors.aliyun.com/pypi/packages/03/25/9c8db4f951e974a4db5558d9eea62e1fd5b5889c9d0ad0315eed67c5cdb3/chardet-7.6.0-cp311-cp311-manylinux2014_x86_64.manylinux_2_17_x86_64.manylinux_2_28_x86_64.whl (1.5 MB)
     ━━━━━━━━━━━━━━━━━━━━━━━━━━━━━━━━━━━━━━━━ 1.5/1.5 MB 918.1 kB/s eta 0:00:00
Collecting six>=1.5 (from python-dateutil>=2.7->matplotlib==3.10.3->-r requirements-linux.txt (line 10))
  Downloading https://mirrors.aliyun.com/pypi/packages/b7/ce/149a00dd41f10bc29e5921b496af8b574d8413afcd5e30dfa0ed46c2cc5e/six-1.17.0-py2.py3-none-any.whl (11 kB)
Collecting click<9.0.0,>=8.4.2 (from huggingface_hub->timm==1.0.16->-r requirements-linux.txt (line 4))
  Downloading https://mirrors.aliyun.com/pypi/packages/58/50/6c0d534c5f134586a8e1ba4e330569e32f057e33372ae556463212fb4cd3/click-8.5.0-py3-none-any.whl (125 kB)
     ━━━━━━━━━━━━━━━━━━━━━━━━━━━━━━━━━━━━━━━ 125.3/125.3 kB 5.4 MB/s eta 0:00:00
Requirement already satisfied: filelock>=3.10.0 in ./.venv-linux/lib/python3.11/site-packages (from huggingface_hub->timm==1.0.16->-r requirements-linux.txt (line 4)) (3.32.3)
Requirement already satisfied: fsspec>=2023.5.0 in ./.venv-linux/lib/python3.11/site-packages (from huggingface_hub->timm==1.0.16->-r requirements-linux.txt (line 4)) (2026.7.0)
Collecting hf-xet<2.0.0,>=1.6.0 (from huggingface_hub->timm==1.0.16->-r requirements-linux.txt (line 4))
  Downloading https://mirrors.aliyun.com/pypi/packages/a3/4c/2bf3b66c215d409655f28de1622393dde04c9461280d48c7924bb3b2decd/hf_xet-1.7.0-cp38-abi3-manylinux2014_x86_64.manylinux_2_17_x86_64.whl.metadata (4.9 kB)
Collecting httpx2<3,>=2.0.0 (from huggingface_hub->timm==1.0.16->-r requirements-linux.txt (line 4))
  Downloading https://mirrors.aliyun.com/pypi/packages/d8/9c/6fe8931fd9f381042a9e4c7d5a7b4cbf7016b252bec0c99a49fce42c3326/httpx2-2.13.1-py3-none-any.whl.metadata (9.8 kB)
Collecting tqdm>=4.42.1 (from huggingface_hub->timm==1.0.16->-r requirements-linux.txt (line 4))
  Downloading https://mirrors.aliyun.com/pypi/packages/a7/03/921a3d3c75785aca9ebfbfcabfbc3a1be12e2ab5265deb026d55a5a3f83e/tqdm-4.70.1-py3-none-any.whl (80 kB)
     ━━━━━━━━━━━━━━━━━━━━━━━━━━━━━━━━━━━━━━━━ 80.2/80.2 kB 3.1 MB/s eta 0:00:00
Requirement already satisfied: typing-extensions>=4.1.0 in ./.venv-linux/lib/python3.11/site-packages (from huggingface_hub->timm==1.0.16->-r requirements-linux.txt (line 4)) (4.16.0)
Requirement already satisfied: jinja2 in ./.venv-linux/lib/python3.11/site-packages (from torch->timm==1.0.16->-r requirements-linux.txt (line 4)) (3.1.6)
Requirement already satisfied: nvidia-cuda-nvrtc-cu12==12.4.127 in ./.venv-linux/lib/python3.11/site-packages (from torch->timm==1.0.16->-r requirements-linux.txt (line 4)) (12.4.127)
Requirement already satisfied: nvidia-cuda-runtime-cu12==12.4.127 in ./.venv-linux/lib/python3.11/site-packages (from torch->timm==1.0.16->-r requirements-linux.txt (line 4)) (12.4.127)
Requirement already satisfied: nvidia-cuda-cupti-cu12==12.4.127 in ./.venv-linux/lib/python3.11/site-packages (from torch->timm==1.0.16->-r requirements-linux.txt (line 4)) (12.4.127)
Requirement already satisfied: nvidia-cudnn-cu12==9.1.0.70 in ./.venv-linux/lib/python3.11/site-packages (from torch->timm==1.0.16->-r requirements-linux.txt (line 4)) (9.1.0.70)
Requirement already satisfied: nvidia-cublas-cu12==12.4.5.8 in ./.venv-linux/lib/python3.11/site-packages (from torch->timm==1.0.16->-r requirements-linux.txt (line 4)) (12.4.5.8)
Requirement already satisfied: nvidia-cufft-cu12==11.2.1.3 in ./.venv-linux/lib/python3.11/site-packages (from torch->timm==1.0.16->-r requirements-linux.txt (line 4)) (11.2.1.3)
Requirement already satisfied: nvidia-curand-cu12==10.3.5.147 in ./.venv-linux/lib/python3.11/site-packages (from torch->timm==1.0.16->-r requirements-linux.txt (line 4)) (10.3.5.147)
Requirement already satisfied: nvidia-cusolver-cu12==11.6.1.9 in ./.venv-linux/lib/python3.11/site-packages (from torch->timm==1.0.16->-r requirements-linux.txt (line 4)) (11.6.1.9)
Requirement already satisfied: nvidia-cusparse-cu12==12.3.1.170 in ./.venv-linux/lib/python3.11/site-packages (from torch->timm==1.0.16->-r requirements-linux.txt (line 4)) (12.3.1.170)
Requirement already satisfied: nvidia-cusparselt-cu12==0.6.2 in ./.venv-linux/lib/python3.11/site-packages (from torch->timm==1.0.16->-r requirements-linux.txt (line 4)) (0.6.2)
Requirement already satisfied: nvidia-nccl-cu12==2.21.5 in ./.venv-linux/lib/python3.11/site-packages (from torch->timm==1.0.16->-r requirements-linux.txt (line 4)) (2.21.5)
Requirement already satisfied: nvidia-nvtx-cu12==12.4.127 in ./.venv-linux/lib/python3.11/site-packages (from torch->timm==1.0.16->-r requirements-linux.txt (line 4)) (12.4.127)
Requirement already satisfied: nvidia-nvjitlink-cu12==12.4.127 in ./.venv-linux/lib/python3.11/site-packages (from torch->timm==1.0.16->-r requirements-linux.txt (line 4)) (12.4.127)
Requirement already satisfied: triton==3.2.0 in ./.venv-linux/lib/python3.11/site-packages (from torch->timm==1.0.16->-r requirements-linux.txt (line 4)) (3.2.0)
Requirement already satisfied: sympy==1.13.1 in ./.venv-linux/lib/python3.11/site-packages (from torch->timm==1.0.16->-r requirements-linux.txt (line 4)) (1.13.1)
Requirement already satisfied: mpmath<1.4,>=1.1.0 in ./.venv-linux/lib/python3.11/site-packages (from sympy==1.13.1->torch->timm==1.0.16->-r requirements-linux.txt (line 4)) (1.3.0)
Collecting anyio>=4.10 (from httpx2<3,>=2.0.0->huggingface_hub->timm==1.0.16->-r requirements-linux.txt (line 4))
  Downloading https://mirrors.aliyun.com/pypi/packages/12/b8/4bd346e22b28902df4d651910f5242c28d84e4a5c2435ca5c3f797ed7e2e/anyio-4.15.1-py3-none-any.whl (132 kB)
     ━━━━━━━━━━━━━━━━━━━━━━━━━━━━━━━━━━━━━━━ 132.1/132.1 kB 4.3 MB/s eta 0:00:00
Collecting httpcore2==2.13.1 (from httpx2<3,>=2.0.0->huggingface_hub->timm==1.0.16->-r requirements-linux.txt (line 4))
  Downloading https://mirrors.aliyun.com/pypi/packages/09/ba/a4568248771ce81957bfb7cc600264a40fbcda092391ee1c415c50be4bea/httpcore2-2.13.1-py3-none-any.whl.metadata (26 kB)
Collecting idna>=3.18 (from httpx2<3,>=2.0.0->huggingface_hub->timm==1.0.16->-r requirements-linux.txt (line 4))
  Downloading https://mirrors.aliyun.com/pypi/packages/58/a2/bb081bab032533a855d44de1d56f8e8426114ff1ba5d1f07a438a0a654f8/idna-3.20-py3-none-any.whl (69 kB)
     ━━━━━━━━━━━━━━━━━━━━━━━━━━━━━━━━━━━━━━━━ 69.6/69.6 kB 2.9 MB/s eta 0:00:00
Collecting truststore>=0.10 (from httpx2<3,>=2.0.0->huggingface_hub->timm==1.0.16->-r requirements-linux.txt (line 4))
  Downloading https://mirrors.aliyun.com/pypi/packages/19/97/56608b2249fe206a67cd573bc93cd9896e1efb9e98bce9c163bcdc704b88/truststore-0.10.4-py3-none-any.whl (18 kB)
Collecting h11>=0.16 (from httpcore2==2.13.1->httpx2<3,>=2.0.0->huggingface_hub->timm==1.0.16->-r requirements-linux.txt (line 4))
  Downloading https://mirrors.aliyun.com/pypi/packages/04/4b/29cac41a4d98d144bf5f6d33995617b185d14b22401f75ca86f384e87ff1/h11-0.16.0-py3-none-any.whl (37 kB)
Requirement already satisfied: MarkupSafe>=2.0 in ./.venv-linux/lib/python3.11/site-packages (from jinja2->torch->timm==1.0.16->-r requirements-linux.txt (line 4)) (3.0.3)
Downloading https://mirrors.aliyun.com/pypi/packages/3b/14/10d0ea58a7580b8bd7c8d69420b3dc3a1deb890d4ff297deca9717689598/timm-1.0.16-py3-none-any.whl (2.5 MB)
   ━━━━━━━━━━━━━━━━━━━━━━━━━━━━━━━━━━━━━━━━ 2.5/2.5 MB 761.2 kB/s eta 0:00:00
Downloading https://mirrors.aliyun.com/pypi/packages/c3/e0/ed45f50fe7a7320656ac7dde60f26afa3a92a21e14749135b4c03f3385b7/fonttools-4.66.1-cp311-cp311-manylinux2014_x86_64.manylinux_2_17_x86_64.whl (5.4 MB)
   ━━━━━━━━━━━━━━━━━━━━━━━━━━━━━━━━━━━━━━━━ 5.4/5.4 MB 696.4 kB/s eta 0:00:00
Downloading https://mirrors.aliyun.com/pypi/packages/7d/8a/3b7f62b9df56460959f1b9bef094248d2a4d7f393c5b0d2da8efcdf0e40e/imageio-2.38.1-py3-none-any.whl (328 kB)
   ━━━━━━━━━━━━━━━━━━━━━━━━━━━━━━━━━━━━━━━ 328.4/328.4 kB 755.6 kB/s eta 0:00:00
Downloading https://mirrors.aliyun.com/pypi/packages/23/93/4e45e37f26c820216704b36b8e67cc55c490a7abd287a78a26a2c0e21386/lazy_loader-0.6-py3-none-any.whl (8.8 kB)
Downloading https://mirrors.aliyun.com/pypi/packages/38/bb/d215ee7c73b61497b28a5503f9f53523f294fcc936762b7caf90e0c1c2b5/pyparsing-3.3.3-py3-none-any.whl (126 kB)
   ━━━━━━━━━━━━━━━━━━━━━━━━━━━━━━━━━━━━━━━━ 126.4/126.4 kB 6.3 MB/s eta 0:00:00
Downloading https://mirrors.aliyun.com/pypi/packages/1a/e4/e804505f87627cd8cdae9c010c47c4485fd8c1ce31a7dd0ab7fcc4707377/tifffile-2026.3.3-py3-none-any.whl (243 kB)
   ━━━━━━━━━━━━━━━━━━━━━━━━━━━━━━━━━━━━━━━━ 244.0/244.0 kB 1.1 MB/s eta 0:00:00
Downloading https://mirrors.aliyun.com/pypi/packages/33/23/885b3a3b510c305f1d84421913935e19b6a48b93d173a0541674c1e88c2a/huggingface_hub-2.1.1-py3-none-any.whl (838 kB)
   ━━━━━━━━━━━━━━━━━━━━━━━━━━━━━━━━━━━━━━━ 838.0/838.0 kB 999.4 kB/s eta 0:00:00
Downloading https://mirrors.aliyun.com/pypi/packages/56/43/4ca9e49d27a1fcf6bece6f6aec0ea46bb9112489b93d4b688fb415457bdb/iniconfig-2.3.1-py3-none-any.whl (7.6 kB)
Downloading https://mirrors.aliyun.com/pypi/packages/28/50/f203ff3a3ddfe19308efc83c5a3a29ed02bf786732ec35e68bf9162f3365/safetensors-0.8.0-cp310-abi3-manylinux_2_17_x86_64.manylinux2014_x86_64.whl (516 kB)
   ━━━━━━━━━━━━━━━━━━━━━━━━━━━━━━━━━━━━━━━ 516.0/516.0 kB 811.3 kB/s eta 0:00:00
Downloading https://mirrors.aliyun.com/pypi/packages/a3/4c/2bf3b66c215d409655f28de1622393dde04c9461280d48c7924bb3b2decd/hf_xet-1.7.0-cp38-abi3-manylinux2014_x86_64.manylinux_2_17_x86_64.whl (4.2 MB)
   ━━━━━━━━━━━━━━━━━━━━━━━━━━━━━━━━━━━━━━━━ 4.2/4.2 MB 716.5 kB/s eta 0:00:00
Downloading https://mirrors.aliyun.com/pypi/packages/d8/9c/6fe8931fd9f381042a9e4c7d5a7b4cbf7016b252bec0c99a49fce42c3326/httpx2-2.13.1-py3-none-any.whl (95 kB)
   ━━━━━━━━━━━━━━━━━━━━━━━━━━━━━━━━━━━━━━━━ 95.6/95.6 kB 4.8 MB/s eta 0:00:00
Downloading https://mirrors.aliyun.com/pypi/packages/09/ba/a4568248771ce81957bfb7cc600264a40fbcda092391ee1c415c50be4bea/httpcore2-2.13.1-py3-none-any.whl (83 kB)
   ━━━━━━━━━━━━━━━━━━━━━━━━━━━━━━━━━━━━━━━━ 83.4/83.4 kB 4.8 MB/s eta 0:00:00
Installing collected packages: truststore, tqdm, six, safetensors, pyyaml, pypdf, pyparsing, pluggy, Pillow, packaging, numpy, kiwisolver, iniconfig, idna, hf-xet, h11, fonttools, einops, cycler, click, chardet, tifffile, scipy, reportlab, python-dateutil, pytest, opencv-python-headless, lazy-loader, imageio, httpcore2, contourpy, anyio, scikit-image, matplotlib, httpx2, huggingface_hub, timm
  Attempting uninstall: Pillow
    Found existing installation: pillow 12.3.0
    Uninstalling pillow-12.3.0:
      Successfully uninstalled pillow-12.3.0
  Attempting uninstall: numpy
    Found existing installation: numpy 2.4.6
    Uninstalling numpy-2.4.6:
      Successfully uninstalled numpy-2.4.6
Successfully installed Pillow-11.2.1 anyio-4.15.1 chardet-7.6.0 click-8.5.0 contourpy-1.3.3 cycler-0.12.1 einops-0.8.1 fonttools-4.66.1 h11-0.16.0 hf-xet-1.7.0 httpcore2-2.13.1 httpx2-2.13.1 huggingface_hub-2.1.1 idna-3.20 imageio-2.38.1 iniconfig-2.3.1 kiwisolver-1.5.1 lazy-loader-0.6 matplotlib-3.10.3 numpy-1.26.4 opencv-python-headless-4.11.0.86 packaging-26.3 pluggy-1.6.0 pyparsing-3.3.3 pypdf-5.6.0 pytest-8.3.5 python-dateutil-2.9.0.post0 pyyaml-6.0.3 reportlab-4.4.1 safetensors-0.8.0 scikit-image-0.25.2 scipy-1.15.3 six-1.17.0 tifffile-2026.3.3 timm-1.0.16 tqdm-4.70.1 truststore-0.10.4

[notice] A new release of pip is available: 24.0 -> 26.2.1
[notice] To update, run: python -m pip install --upgrade pip
