/workspace/ProxUnroll-main/.venv-linux/lib/python3.11/site-packages/timm/models/layers/__init__.py:48: FutureWarning: Importing from timm.models.layers is deprecated, please import via timm.layers
  warnings.warn(f"Importing from {__name__} is deprecated, please import via timm.layers", FutureWarning)
/workspace/ProxUnroll-main/.venv-linux/lib/python3.11/site-packages/torch/functional.py:539: UserWarning: torch.meshgrid: in an upcoming release, it will be required to pass the indexing argument. (Triggered internally at /pytorch/aten/src/ATen/native/TensorShape.cpp:3637.)
  return _VF.meshgrid(tensors, **kwargs)  # type: ignore[attr-defined]
{"step": 5, "cr": 0.5, "loss": 0.024266552180051804, "gradient_norm": 0.25681599974632263, "seconds": 2.5056705441093072, "peak_memory_mib": 11108.6552734375, "lr": 5e-06, "crop": "{\"source\": \"div2k_0492\", \"xywh\": [176, 114, 1097, 1097], \"flip_h\": false, \"flip_v\": true}"}
{"step": 6, "cr": 0.01, "loss": 0.0385531485080719, "gradient_norm": 0.8858577609062195, "seconds": 1.1573291029781103, "peak_memory_mib": 11108.6552734375, "lr": 5e-06, "crop": "{\"source\": \"div2k_0118\", \"xywh\": [215, 103, 773, 773], \"flip_h\": true, \"flip_v\": false}"}
{"step": 7, "cr": 0.04, "loss": 0.03386698290705681, "gradient_norm": 0.34783312678337097, "seconds": 1.1760554360225797, "peak_memory_mib": 11108.6552734375, "lr": 5e-06, "crop": "{\"source\": \"div2k_0680\", \"xywh\": [183, 631, 430, 430], \"flip_h\": false, \"flip_v\": true}"}
{"step": 8, "cr": 0.1, "loss": 0.07336007058620453, "gradient_norm": 0.29207292199134827, "seconds": 1.1583960480056703, "peak_memory_mib": 11108.6552734375, "lr": 5e-06, "crop": "{\"source\": \"div2k_0409\", \"xywh\": [1284, 278, 369, 369], \"flip_h\": false, \"flip_v\": false}"}
{"step": 9, "cr": 0.25, "loss": 0.017013926059007645, "gradient_norm": 0.11566634476184845, "seconds": 1.13435304898303, "peak_memory_mib": 11108.6552734375, "lr": 5e-06, "crop": "{\"source\": \"div2k_0384\", \"xywh\": [476, 19, 709, 709], \"flip_h\": false, \"flip_v\": false}"}
{"step": 10, "cr": 0.5, "loss": 0.02245129831135273, "gradient_norm": 0.2803936302661896, "seconds": 1.1638960730051622, "peak_memory_mib": 11108.6552734375, "lr": 5e-06, "crop": "{\"source\": \"div2k_0145\", \"xywh\": [1524, 152, 494, 494], \"flip_h\": false, \"flip_v\": true}"}
{"step": 11, "cr": 0.01, "loss": 0.025821693241596222, "gradient_norm": 0.2112955003976822, "seconds": 1.1537910859333351, "peak_memory_mib": 11108.6552734375, "lr": 5e-06, "crop": "{\"source\": \"div2k_0253\", \"xywh\": [726, 81, 759, 759], \"flip_h\": false, \"flip_v\": false}"}
{"step": 12, "cr": 0.04, "loss": 0.042113784700632095, "gradient_norm": 0.30138087272644043, "seconds": 1.1596424139570445, "peak_memory_mib": 11108.6552734375, "lr": 5e-06, "crop": "{\"source\": \"div2k_0100\", \"xywh\": [903, 214, 936, 936], \"flip_h\": false, \"flip_v\": false}"}
{"step": 13, "cr": 0.1, "loss": 0.025335008278489113, "gradient_norm": 0.13858440518379211, "seconds": 1.1748171169310808, "peak_memory_mib": 11108.6552734375, "lr": 5e-06, "crop": "{\"source\": \"div2k_0480\", \"xywh\": [424, 333, 920, 920], \"flip_h\": true, \"flip_v\": true}"}
{"step": 14, "cr": 0.25, "loss": 0.03204742446541786, "gradient_norm": 0.8813177347183228, "seconds": 1.3591758999973536, "peak_memory_mib": 11108.6552734375, "lr": 5e-06, "crop": "{\"source\": \"div2k_0641\", \"xywh\": [289, 552, 772, 772], \"flip_h\": true, \"flip_v\": true}"}
{"step": 15, "cr": 0.5, "loss": 0.01716691628098488, "gradient_norm": 0.09552722424268723, "seconds": 1.1595687790540978, "peak_memory_mib": 11108.6552734375, "lr": 5e-06, "crop": "{\"source\": \"div2k_0505\", \"xywh\": [703, 326, 433, 433], \"flip_h\": false, \"flip_v\": true}"}
{"step": 16, "cr": 0.01, "loss": 0.10493156313896179, "gradient_norm": 0.23708519339561462, "seconds": 1.1843553009675816, "peak_memory_mib": 11108.6552734375, "lr": 5e-06, "crop": "{\"source\": \"div2k_0129\", \"xywh\": [394, 56, 795, 795], \"flip_h\": true, \"flip_v\": true}"}
{"step": 17, "cr": 0.04, "loss": 0.007390069309622049, "gradient_norm": 0.13252535462379456, "seconds": 1.0984454690478742, "peak_memory_mib": 11108.6552734375, "lr": 5e-06, "crop": "{\"source\": \"div2k_0481\", \"xywh\": [740, 144, 616, 616], \"flip_h\": false, \"flip_v\": true}"}
{"step": 18, "cr": 0.1, "loss": 0.04178209975361824, "gradient_norm": 0.5912128686904907, "seconds": 1.1030258509563282, "peak_memory_mib": 11108.6552734375, "lr": 5e-06, "crop": "{\"source\": \"div2k_0134\", \"xywh\": [827, 776, 704, 704], \"flip_h\": false, \"flip_v\": true}"}
{"step": 19, "cr": 0.25, "loss": 0.012568220496177673, "gradient_norm": 0.05373452231287956, "seconds": 1.0996796429390088, "peak_memory_mib": 11108.6552734375, "lr": 5e-06, "crop": "{\"source\": \"div2k_0726\", \"xywh\": [640, 684, 371, 371], \"flip_h\": false, \"flip_v\": true}"}
{"step": 20, "cr": 0.5, "loss": 0.013277187943458557, "gradient_norm": 0.07784835249185562, "seconds": 1.1036094900919124, "peak_memory_mib": 11108.6552734375, "lr": 5e-06, "crop": "{\"source\": \"div2k_0426\", \"xywh\": [1430, 404, 502, 502], \"flip_h\": false, \"flip_v\": true}"}
{"step": 21, "cr": 0.01, "loss": 0.022127598524093628, "gradient_norm": 1.126708745956421, "seconds": 1.1067021950148046, "peak_memory_mib": 11108.6552734375, "lr": 5e-06, "crop": "{\"source\": \"div2k_0177\", \"xywh\": [51, 127, 702, 702], \"flip_h\": false, \"flip_v\": false}"}
{"step": 22, "cr": 0.04, "loss": 0.06627251207828522, "gradient_norm": 0.23749682307243347, "seconds": 1.0972321419976652, "peak_memory_mib": 11108.6552734375, "lr": 5e-06, "crop": "{\"source\": \"div2k_0244\", \"xywh\": [748, 172, 794, 794], \"flip_h\": false, \"flip_v\": false}"}
{"step": 23, "cr": 0.1, "loss": 0.05807803198695183, "gradient_norm": 0.15390795469284058, "seconds": 1.1023841430433095, "peak_memory_mib": 11108.6552734375, "lr": 5e-06, "crop": "{\"source\": \"div2k_0240\", \"xywh\": [619, 62, 1127, 1127], \"flip_h\": false, \"flip_v\": false}"}
{"step": 24, "cr": 0.25, "loss": 0.01542853657156229, "gradient_norm": 0.057254210114479065, "seconds": 1.1148355859331787, "peak_memory_mib": 11108.6552734375, "lr": 5e-06, "crop": "{\"source\": \"div2k_0359\", \"xywh\": [948, 182, 1091, 1091], \"flip_h\": false, \"flip_v\": false}"}
{"step": 25, "cr": 0.5, "loss": 0.008105619810521603, "gradient_norm": 0.07013248652219772, "seconds": 1.1102692380081862, "peak_memory_mib": 11108.6552734375, "lr": 5e-06, "crop": "{\"source\": \"div2k_0329\", \"xywh\": [662, 1209, 459, 459], \"flip_h\": false, \"flip_v\": true}"}
{"validation_step": 25, "psnr": 29.296496954686294}
{"step": 26, "cr": 0.01, "loss": 0.04288775101304054, "gradient_norm": 0.07910056412220001, "seconds": 1.1531579340808094, "peak_memory_mib": 11108.6552734375, "lr": 5e-06, "crop": "{\"source\": \"div2k_0494\", \"xywh\": [1083, 45, 276, 276], \"flip_h\": true, \"flip_v\": true}"}
{"step": 27, "cr": 0.04, "loss": 0.04177509993314743, "gradient_norm": 0.6945479512214661, "seconds": 1.104306210996583, "peak_memory_mib": 11108.6552734375, "lr": 5e-06, "crop": "{\"source\": \"div2k_0128\", \"xywh\": [191, 197, 913, 913], \"flip_h\": false, \"flip_v\": false}"}
{"step": 28, "cr": 0.1, "loss": 0.026697205379605293, "gradient_norm": 0.10709915310144424, "seconds": 1.10667244810611, "peak_memory_mib": 11108.6552734375, "lr": 5e-06, "crop": "{\"source\": \"div2k_0095\", \"xywh\": [303, 222, 1072, 1072], \"flip_h\": true, \"flip_v\": true}"}
{"step": 29, "cr": 0.25, "loss": 0.01820802502334118, "gradient_norm": 0.1311090886592865, "seconds": 1.1066401490243152, "peak_memory_mib": 11108.6552734375, "lr": 5e-06, "crop": "{\"source\": \"div2k_0091\", \"xywh\": [471, 40, 1457, 1457], \"flip_h\": false, \"flip_v\": true}"}
{"step": 30, "cr": 0.5, "loss": 0.013843025080859661, "gradient_norm": 0.08955518901348114, "seconds": 1.1215123519068584, "peak_memory_mib": 11108.6552734375, "lr": 5e-06, "crop": "{\"source\": \"div2k_0316\", \"xywh\": [1066, 303, 888, 888], \"flip_h\": true, \"flip_v\": true}"}
{"step": 31, "cr": 0.01, "loss": 0.07397808879613876, "gradient_norm": 0.1837892234325409, "seconds": 1.1217174240155146, "peak_memory_mib": 11108.6552734375, "lr": 5e-06, "crop": "{\"source\": \"div2k_0016\", \"xywh\": [826, 643, 683, 683], \"flip_h\": true, \"flip_v\": true}"}
{"step": 32, "cr": 0.04, "loss": 0.07744201272726059, "gradient_norm": 0.3416031301021576, "seconds": 1.1181105179712176, "peak_memory_mib": 11108.6552734375, "lr": 5e-06, "crop": "{\"source\": \"div2k_0649\", \"xywh\": [363, 324, 695, 695], \"flip_h\": false, \"flip_v\": false}"}
{"step": 33, "cr": 0.1, "loss": 0.06335290521383286, "gradient_norm": 0.16737312078475952, "seconds": 1.1081789920572191, "peak_memory_mib": 11108.6552734375, "lr": 5e-06, "crop": "{\"source\": \"div2k_0045\", \"xywh\": [1406, 450, 517, 517], \"flip_h\": true, \"flip_v\": false}"}
{"step": 34, "cr": 0.25, "loss": 0.022465238347649574, "gradient_norm": 0.14117638766765594, "seconds": 1.111283970065415, "peak_memory_mib": 11108.6552734375, "lr": 5e-06, "crop": "{\"source\": \"div2k_0434\", \"xywh\": [1068, 535, 479, 479], \"flip_h\": false, \"flip_v\": true}"}
{"step": 35, "cr": 0.5, "loss": 0.004582604859024286, "gradient_norm": 0.10111065953969955, "seconds": 1.1057376599637792, "peak_memory_mib": 11108.6552734375, "lr": 5e-06, "crop": "{\"source\": \"div2k_0534\", \"xywh\": [186, 356, 321, 321], \"flip_h\": true, \"flip_v\": false}"}
{"step": 36, "cr": 0.01, "loss": 0.09370031952857971, "gradient_norm": 0.4123097062110901, "seconds": 1.1079062620410696, "peak_memory_mib": 11108.6552734375, "lr": 5e-06, "crop": "{\"source\": \"div2k_0613\", \"xywh\": [247, 8, 1501, 1501], \"flip_h\": false, \"flip_v\": true}"}
{"step": 37, "cr": 0.04, "loss": 0.03917558863759041, "gradient_norm": 0.3486891984939575, "seconds": 1.1069801149424165, "peak_memory_mib": 11108.6552734375, "lr": 5e-06, "crop": "{\"source\": \"div2k_0279\", \"xywh\": [344, 360, 909, 909], \"flip_h\": true, \"flip_v\": true}"}
{"step": 38, "cr": 0.1, "loss": 0.01674710400402546, "gradient_norm": 0.08982203900814056, "seconds": 1.1091465489007533, "peak_memory_mib": 11108.6552734375, "lr": 5e-06, "crop": "{\"source\": \"div2k_0235\", \"xywh\": [197, 107, 736, 736], \"flip_h\": false, \"flip_v\": false}"}
{"step": 39, "cr": 0.25, "loss": 0.01005826611071825, "gradient_norm": 0.1161208376288414, "seconds": 1.1050646479707211, "peak_memory_mib": 11108.6552734375, "lr": 5e-06, "crop": "{\"source\": \"div2k_0307\", \"xywh\": [387, 545, 680, 680], \"flip_h\": false, \"flip_v\": true}"}
{"step": 40, "cr": 0.5, "loss": 0.010203716345131397, "gradient_norm": 0.07770738005638123, "seconds": 1.1103640419896692, "peak_memory_mib": 11108.6552734375, "lr": 5e-06, "crop": "{\"source\": \"div2k_0708\", \"xywh\": [197, 52, 975, 975], \"flip_h\": true, \"flip_v\": true}"}
{"step": 41, "cr": 0.01, "loss": 0.16418735682964325, "gradient_norm": 1.373172640800476, "seconds": 1.1192848400678486, "peak_memory_mib": 11108.6552734375, "lr": 5e-06, "crop": "{\"source\": \"div2k_0700\", \"xywh\": [82, 522, 1199, 1199], \"flip_h\": false, \"flip_v\": true}"}
{"step": 42, "cr": 0.04, "loss": 0.07155024260282516, "gradient_norm": 0.27856409549713135, "seconds": 1.3187808350194246, "peak_memory_mib": 11108.6552734375, "lr": 5e-06, "crop": "{\"source\": \"div2k_0734\", \"xywh\": [118, 140, 1227, 1227], \"flip_h\": true, \"flip_v\": true}"}
{"step": 43, "cr": 0.1, "loss": 0.038564879447221756, "gradient_norm": 0.3487834334373474, "seconds": 1.1082565849646926, "peak_memory_mib": 11108.6552734375, "lr": 5e-06, "crop": "{\"source\": \"div2k_0010\", \"xywh\": [0, 16, 1614, 1614], \"flip_h\": true, \"flip_v\": true}"}
{"step": 44, "cr": 0.25, "loss": 0.010935424827039242, "gradient_norm": 0.22118301689624786, "seconds": 1.1171876230509952, "peak_memory_mib": 11108.6552734375, "lr": 5e-06, "crop": "{\"source\": \"div2k_0749\", \"xywh\": [1229, 233, 662, 662], \"flip_h\": true, \"flip_v\": true}"}
{"step": 45, "cr": 0.5, "loss": 0.019967054948210716, "gradient_norm": 0.20411176979541779, "seconds": 1.107865861034952, "peak_memory_mib": 11108.6552734375, "lr": 5e-06, "crop": "{\"source\": \"div2k_0325\", \"xywh\": [73, 281, 904, 904], \"flip_h\": true, \"flip_v\": true}"}
{"step": 46, "cr": 0.01, "loss": 0.058130353689193726, "gradient_norm": 0.15903706848621368, "seconds": 1.1056690170662478, "peak_memory_mib": 11108.6552734375, "lr": 5e-06, "crop": "{\"source\": \"div2k_0402\", \"xywh\": [183, 184, 1124, 1124], \"flip_h\": false, \"flip_v\": false}"}
{"step": 47, "cr": 0.04, "loss": 0.03201324865221977, "gradient_norm": 0.04671379551291466, "seconds": 1.1081054820679128, "peak_memory_mib": 11108.6552734375, "lr": 5e-06, "crop": "{\"source\": \"div2k_0676\", \"xywh\": [96, 572, 332, 332], \"flip_h\": true, \"flip_v\": true}"}
{"step": 48, "cr": 0.1, "loss": 0.032456714659929276, "gradient_norm": 0.17170867323875427, "seconds": 1.1027242350392044, "peak_memory_mib": 11108.6552734375, "lr": 5e-06, "crop": "{\"source\": \"div2k_0754\", \"xywh\": [854, 317, 652, 652], \"flip_h\": false, \"flip_v\": false}"}
{"step": 49, "cr": 0.25, "loss": 0.013415705412626266, "gradient_norm": 0.3133065104484558, "seconds": 1.0986531249945983, "peak_memory_mib": 11108.6552734375, "lr": 5e-06, "crop": "{\"source\": \"div2k_0062\", \"xywh\": [733, 514, 855, 855], \"flip_h\": false, \"flip_v\": true}"}
{"step": 50, "cr": 0.5, "loss": 0.01888810098171234, "gradient_norm": 0.16472871601581573, "seconds": 1.0986060469876975, "peak_memory_mib": 11108.6552734375, "lr": 5e-06, "crop": "{\"source\": \"div2k_0617\", \"xywh\": [201, 12, 1303, 1303], \"flip_h\": false, \"flip_v\": true}"}
{"validation_step": 50, "psnr": 29.318774740069355}
{"step": 51, "cr": 0.01, "loss": 0.07284390181303024, "gradient_norm": 0.35427072644233704, "seconds": 1.1107955579645932, "peak_memory_mib": 11108.6552734375, "lr": 5e-06, "crop": "{\"source\": \"div2k_0564\", \"xywh\": [710, 298, 859, 859], \"flip_h\": false, \"flip_v\": false}"}
{"step": 52, "cr": 0.04, "loss": 0.09972240030765533, "gradient_norm": 0.18546999990940094, "seconds": 1.0949346899287775, "peak_memory_mib": 11108.6552734375, "lr": 5e-06, "crop": "{\"source\": \"div2k_0212\", \"xywh\": [349, 28, 1489, 1489], \"flip_h\": true, \"flip_v\": true}"}
{"step": 53, "cr": 0.1, "loss": 0.028144707903265953, "gradient_norm": 0.15987297892570496, "seconds": 1.1008067729417235, "peak_memory_mib": 11108.6552734375, "lr": 5e-06, "crop": "{\"source\": \"div2k_0784\", \"xywh\": [763, 393, 642, 642], \"flip_h\": false, \"flip_v\": true}"}
{"step": 54, "cr": 0.25, "loss": 0.013555156998336315, "gradient_norm": 0.739403486251831, "seconds": 1.116061166045256, "peak_memory_mib": 11108.6552734375, "lr": 5e-06, "crop": "{\"source\": \"div2k_0431\", \"xywh\": [559, 465, 788, 788], \"flip_h\": false, \"flip_v\": false}"}
{"step": 55, "cr": 0.5, "loss": 0.015462999232113361, "gradient_norm": 0.25184112787246704, "seconds": 1.1130481959553435, "peak_memory_mib": 11108.6552734375, "lr": 5e-06, "crop": "{\"source\": \"div2k_0012\", \"xywh\": [1127, 554, 596, 596], \"flip_h\": false, \"flip_v\": true}"}
{"step": 56, "cr": 0.01, "loss": 0.05321243777871132, "gradient_norm": 0.41681796312332153, "seconds": 1.116588318021968, "peak_memory_mib": 11108.6552734375, "lr": 5e-06, "crop": "{\"source\": \"div2k_0200\", \"xywh\": [1077, 245, 461, 461], \"flip_h\": false, \"flip_v\": false}"}
{"step": 57, "cr": 0.04, "loss": 0.052562445402145386, "gradient_norm": 0.08185224235057831, "seconds": 1.1103376949904487, "peak_memory_mib": 11108.6552734375, "lr": 5e-06, "crop": "{\"source\": \"div2k_0143\", \"xywh\": [1234, 358, 627, 627], \"flip_h\": false, \"flip_v\": false}"}
{"step": 58, "cr": 0.1, "loss": 0.040894076228141785, "gradient_norm": 0.049743227660655975, "seconds": 1.1321011370746419, "peak_memory_mib": 11108.6552734375, "lr": 5e-06, "crop": "{\"source\": \"div2k_0203\", \"xywh\": [558, 9, 1344, 1344], \"flip_h\": false, \"flip_v\": true}"}
{"step": 59, "cr": 0.25, "loss": 0.015094155445694923, "gradient_norm": 0.10679853707551956, "seconds": 1.1301480829715729, "peak_memory_mib": 11108.6552734375, "lr": 5e-06, "crop": "{\"source\": \"div2k_0497\", \"xywh\": [112, 93, 1187, 1187], \"flip_h\": true, \"flip_v\": true}"}
{"step": 60, "cr": 0.5, "loss": 0.005540116224437952, "gradient_norm": 0.022985419258475304, "seconds": 1.1204758030362427, "peak_memory_mib": 11108.6552734375, "lr": 5e-06, "crop": "{\"source\": \"div2k_0326\", \"xywh\": [603, 262, 415, 415], \"flip_h\": false, \"flip_v\": true}"}
{"step": 61, "cr": 0.01, "loss": 0.0766056627035141, "gradient_norm": 0.2572028934955597, "seconds": 1.1051231349119917, "peak_memory_mib": 11108.6552734375, "lr": 5e-06, "crop": "{\"source\": \"div2k_0178\", \"xywh\": [843, 633, 677, 677], \"flip_h\": true, \"flip_v\": false}"}
{"step": 62, "cr": 0.04, "loss": 0.03139491751790047, "gradient_norm": 0.15880422294139862, "seconds": 1.109097462031059, "peak_memory_mib": 11108.6552734375, "lr": 5e-06, "crop": "{\"source\": \"div2k_0059\", \"xywh\": [978, 1436, 539, 539], \"flip_h\": true, \"flip_v\": true}"}
{"step": 63, "cr": 0.1, "loss": 0.04391586408019066, "gradient_norm": 0.1724218875169754, "seconds": 1.1406440599821508, "peak_memory_mib": 11108.6552734375, "lr": 5e-06, "crop": "{\"source\": \"div2k_0650\", \"xywh\": [976, 876, 264, 264], \"flip_h\": false, \"flip_v\": false}"}
{"step": 64, "cr": 0.25, "loss": 0.03973407670855522, "gradient_norm": 0.1425919234752655, "seconds": 1.1292407620931044, "peak_memory_mib": 11108.6552734375, "lr": 5e-06, "crop": "{\"source\": \"div2k_0070\", \"xywh\": [88, 163, 1170, 1170], \"flip_h\": false, \"flip_v\": true}"}
{"step": 65, "cr": 0.5, "loss": 0.01092444732785225, "gradient_norm": 0.2925201654434204, "seconds": 1.1090442619752139, "peak_memory_mib": 11108.6552734375, "lr": 5e-06, "crop": "{\"source\": \"div2k_0021\", \"xywh\": [404, 42, 708, 708], \"flip_h\": false, \"flip_v\": true}"}
{"step": 66, "cr": 0.01, "loss": 0.11103330552577972, "gradient_norm": 0.06031385064125061, "seconds": 1.139086795039475, "peak_memory_mib": 11108.6552734375, "lr": 5e-06, "crop": "{\"source\": \"div2k_0140\", \"xywh\": [489, 429, 528, 528], \"flip_h\": true, \"flip_v\": true}"}
{"step": 67, "cr": 0.04, "loss": 0.04208385944366455, "gradient_norm": 0.17895039916038513, "seconds": 1.1669524110620841, "peak_memory_mib": 11108.6552734375, "lr": 5e-06, "crop": "{\"source\": \"div2k_0435\", \"xywh\": [123, 319, 969, 969], \"flip_h\": true, \"flip_v\": true}"}
{"step": 68, "cr": 0.1, "loss": 0.012609770521521568, "gradient_norm": 0.06327282637357712, "seconds": 1.1350664229830727, "peak_memory_mib": 11108.6552734375, "lr": 5e-06, "crop": "{\"source\": \"div2k_0637\", \"xywh\": [876, 355, 1042, 1042], \"flip_h\": false, \"flip_v\": false}"}
{"step": 69, "cr": 0.25, "loss": 0.016107380390167236, "gradient_norm": 0.3135169744491577, "seconds": 1.3205020490568131, "peak_memory_mib": 11108.6552734375, "lr": 5e-06, "crop": "{\"source\": \"div2k_0289\", \"xywh\": [101, 611, 505, 505], \"flip_h\": false, \"flip_v\": true}"}
{"step": 70, "cr": 0.5, "loss": 0.015605403110384941, "gradient_norm": 0.32923948764801025, "seconds": 1.1264252910623327, "peak_memory_mib": 11108.6552734375, "lr": 5e-06, "crop": "{\"source\": \"div2k_0111\", \"xywh\": [757, 296, 1012, 1012], \"flip_h\": true, \"flip_v\": true}"}
{"step": 71, "cr": 0.01, "loss": 0.10088606178760529, "gradient_norm": 0.20859387516975403, "seconds": 1.1108636130811647, "peak_memory_mib": 11108.6552734375, "lr": 5e-06, "crop": "{\"source\": \"div2k_0285\", \"xywh\": [0, 107, 1236, 1236], \"flip_h\": false, \"flip_v\": true}"}
{"step": 72, "cr": 0.04, "loss": 0.07047951221466064, "gradient_norm": 0.1595347821712494, "seconds": 1.1229899320751429, "peak_memory_mib": 11108.6552734375, "lr": 5e-06, "crop": "{\"source\": \"div2k_0720\", \"xywh\": [1419, 844, 477, 477], \"flip_h\": true, \"flip_v\": false}"}
{"step": 73, "cr": 0.1, "loss": 0.023156367242336273, "gradient_norm": 0.7470589280128479, "seconds": 1.1293794009834528, "peak_memory_mib": 11108.6552734375, "lr": 5e-06, "crop": "{\"source\": \"div2k_0050\", \"xywh\": [905, 361, 945, 945], \"flip_h\": true, \"flip_v\": false}"}
{"step": 74, "cr": 0.25, "loss": 0.025335030630230904, "gradient_norm": 0.74105304479599, "seconds": 1.1233260170556605, "peak_memory_mib": 11108.6552734375, "lr": 5e-06, "crop": "{\"source\": \"div2k_0706\", \"xywh\": [321, 156, 806, 806], \"flip_h\": false, \"flip_v\": false}"}
{"step": 75, "cr": 0.5, "loss": 0.0286739282310009, "gradient_norm": 0.13383175432682037, "seconds": 1.106494294013828, "peak_memory_mib": 11108.6552734375, "lr": 5e-06, "crop": "{\"source\": \"div2k_0462\", \"xywh\": [377, 526, 816, 816], \"flip_h\": false, \"flip_v\": true}"}
{"validation_step": 75, "psnr": 29.330945236726233}
{"step": 76, "cr": 0.01, "loss": 0.008738218806684017, "gradient_norm": 0.4269384741783142, "seconds": 1.1173733769683167, "peak_memory_mib": 11108.6552734375, "lr": 5e-06, "crop": "{\"source\": \"div2k_0560\", \"xywh\": [88, 654, 285, 285], \"flip_h\": false, \"flip_v\": true}"}
{"step": 77, "cr": 0.04, "loss": 0.07690416276454926, "gradient_norm": 0.20965510606765747, "seconds": 1.1159227159805596, "peak_memory_mib": 11108.6552734375, "lr": 5e-06, "crop": "{\"source\": \"div2k_0583\", \"xywh\": [375, 0, 1168, 1168], \"flip_h\": false, \"flip_v\": true}"}
{"step": 78, "cr": 0.1, "loss": 0.03751304745674133, "gradient_norm": 0.02532375045120716, "seconds": 1.1164219269994646, "peak_memory_mib": 11108.6552734375, "lr": 5e-06, "crop": "{\"source\": \"div2k_0722\", \"xywh\": [776, 241, 669, 669], \"flip_h\": false, \"flip_v\": false}"}
{"step": 79, "cr": 0.25, "loss": 0.036070071160793304, "gradient_norm": 0.2798958420753479, "seconds": 1.1121823380235583, "peak_memory_mib": 11108.6552734375, "lr": 5e-06, "crop": "{\"source\": \"div2k_0780\", \"xywh\": [535, 187, 1155, 1155], \"flip_h\": false, \"flip_v\": false}"}
{"step": 80, "cr": 0.5, "loss": 0.017013095319271088, "gradient_norm": 0.21760715544223785, "seconds": 1.1105250359978527, "peak_memory_mib": 11108.6552734375, "lr": 5e-06, "crop": "{\"source\": \"div2k_0615\", \"xywh\": [66, 636, 971, 971], \"flip_h\": false, \"flip_v\": true}"}
{"step": 81, "cr": 0.01, "loss": 0.08864569664001465, "gradient_norm": 0.3369462788105011, "seconds": 1.1070417088922113, "peak_memory_mib": 11108.6552734375, "lr": 5e-06, "crop": "{\"source\": \"div2k_0466\", \"xywh\": [521, 98, 816, 816], \"flip_h\": false, \"flip_v\": false}"}
{"step": 82, "cr": 0.04, "loss": 0.06086767092347145, "gradient_norm": 0.1309177428483963, "seconds": 1.1109075350686908, "peak_memory_mib": 11108.6552734375, "lr": 5e-06, "crop": "{\"source\": \"div2k_0718\", \"xywh\": [917, 584, 656, 656], \"flip_h\": false, \"flip_v\": false}"}
{"step": 83, "cr": 0.1, "loss": 0.06270246207714081, "gradient_norm": 0.1254519671201706, "seconds": 1.1026671190047637, "peak_memory_mib": 11108.6552734375, "lr": 5e-06, "crop": "{\"source\": \"div2k_0423\", \"xywh\": [267, 140, 998, 998], \"flip_h\": true, \"flip_v\": false}"}
{"step": 84, "cr": 0.25, "loss": 0.002850322751328349, "gradient_norm": 0.07343082129955292, "seconds": 1.1084679319756106, "peak_memory_mib": 11108.6552734375, "lr": 5e-06, "crop": "{\"source\": \"div2k_0597\", \"xywh\": [296, 417, 590, 590], \"flip_h\": true, \"flip_v\": true}"}
{"step": 85, "cr": 0.5, "loss": 0.017972934991121292, "gradient_norm": 0.15800654888153076, "seconds": 1.1149505720240995, "peak_memory_mib": 11108.6552734375, "lr": 5e-06, "crop": "{\"source\": \"div2k_0082\", \"xywh\": [572, 135, 712, 712], \"flip_h\": false, \"flip_v\": true}"}
{"step": 86, "cr": 0.01, "loss": 0.11828995496034622, "gradient_norm": 0.47873181104660034, "seconds": 1.1140645960113034, "peak_memory_mib": 11108.6552734375, "lr": 5e-06, "crop": "{\"source\": \"div2k_0281\", \"xywh\": [461, 196, 521, 521], \"flip_h\": false, \"flip_v\": true}"}
{"step": 87, "cr": 0.04, "loss": 0.01869530975818634, "gradient_norm": 0.08632417768239975, "seconds": 1.1115540589671582, "peak_memory_mib": 11108.6552734375, "lr": 5e-06, "crop": "{\"source\": \"div2k_0768\", \"xywh\": [405, 36, 1300, 1300], \"flip_h\": false, \"flip_v\": true}"}
{"step": 88, "cr": 0.1, "loss": 0.02857099659740925, "gradient_norm": 0.24488510191440582, "seconds": 1.1057746039004996, "peak_memory_mib": 11108.6552734375, "lr": 5e-06, "crop": "{\"source\": \"div2k_0666\", \"xywh\": [640, 631, 711, 711], \"flip_h\": true, \"flip_v\": true}"}
{"step": 89, "cr": 0.25, "loss": 0.008617390878498554, "gradient_norm": 0.07670127600431442, "seconds": 1.1100229771109298, "peak_memory_mib": 11108.6552734375, "lr": 5e-06, "crop": "{\"source\": \"div2k_0779\", \"xywh\": [171, 94, 693, 693], \"flip_h\": true, \"flip_v\": true}"}
{"step": 90, "cr": 0.5, "loss": 0.005469522438943386, "gradient_norm": 0.1657923310995102, "seconds": 1.1050350029254332, "peak_memory_mib": 11108.6552734375, "lr": 5e-06, "crop": "{\"source\": \"div2k_0501\", \"xywh\": [286, 24, 353, 353], \"flip_h\": false, \"flip_v\": false}"}
{"step": 91, "cr": 0.01, "loss": 0.1008225530385971, "gradient_norm": 0.32471799850463867, "seconds": 1.116395336925052, "peak_memory_mib": 11108.6552734375, "lr": 5e-06, "crop": "{\"source\": \"div2k_0319\", \"xywh\": [68, 128, 1140, 1140], \"flip_h\": true, \"flip_v\": true}"}
{"step": 92, "cr": 0.04, "loss": 0.040589429438114166, "gradient_norm": 0.272651344537735, "seconds": 1.1547304519917816, "peak_memory_mib": 11108.6552734375, "lr": 5e-06, "crop": "{\"source\": \"div2k_0703\", \"xywh\": [540, 96, 483, 483], \"flip_h\": false, \"flip_v\": true}"}
{"step": 93, "cr": 0.1, "loss": 0.019937485456466675, "gradient_norm": 0.30273234844207764, "seconds": 1.1185690850252286, "peak_memory_mib": 11108.6552734375, "lr": 5e-06, "crop": "{\"source\": \"div2k_0618\", \"xywh\": [541, 359, 768, 768], \"flip_h\": true, \"flip_v\": true}"}
{"step": 94, "cr": 0.25, "loss": 0.01896040327847004, "gradient_norm": 0.06470309942960739, "seconds": 1.1549746670061722, "peak_memory_mib": 11108.6552734375, "lr": 5e-06, "crop": "{\"source\": \"div2k_0245\", \"xywh\": [1220, 436, 274, 274], \"flip_h\": false, \"flip_v\": true}"}
{"step": 95, "cr": 0.5, "loss": 0.001360686612315476, "gradient_norm": 0.16329152882099152, "seconds": 1.134083017008379, "peak_memory_mib": 11108.6552734375, "lr": 5e-06, "crop": "{\"source\": \"div2k_0491\", \"xywh\": [807, 105, 324, 324], \"flip_h\": false, \"flip_v\": true}"}
{"step": 96, "cr": 0.01, "loss": 0.04157816246151924, "gradient_norm": 0.11058153957128525, "seconds": 1.289288648054935, "peak_memory_mib": 11108.6552734375, "lr": 5e-06, "crop": "{\"source\": \"div2k_0544\", \"xywh\": [106, 764, 434, 434], \"flip_h\": false, \"flip_v\": false}"}
{"step": 97, "cr": 0.04, "loss": 0.03499729186296463, "gradient_norm": 0.10346879065036774, "seconds": 1.1300221499986947, "peak_memory_mib": 11108.6552734375, "lr": 5e-06, "crop": "{\"source\": \"div2k_0664\", \"xywh\": [687, 1, 944, 944], \"flip_h\": true, \"flip_v\": false}"}
{"step": 98, "cr": 0.1, "loss": 0.051254455000162125, "gradient_norm": 0.1870746612548828, "seconds": 1.1234990219818428, "peak_memory_mib": 11108.6552734375, "lr": 5e-06, "crop": "{\"source\": \"div2k_0771\", \"xywh\": [274, 29, 1223, 1223], \"flip_h\": true, \"flip_v\": false}"}
{"step": 99, "cr": 0.25, "loss": 0.019858991727232933, "gradient_norm": 0.5440272688865662, "seconds": 1.1173012310173362, "peak_memory_mib": 11108.6552734375, "lr": 5e-06, "crop": "{\"source\": \"div2k_0041\", \"xywh\": [1, 45, 1305, 1305], \"flip_h\": false, \"flip_v\": true}"}
{"step": 100, "cr": 0.5, "loss": 0.010632818564772606, "gradient_norm": 0.20319615304470062, "seconds": 1.1037078580120578, "peak_memory_mib": 11108.6552734375, "lr": 5e-06, "crop": "{\"source\": \"div2k_0687\", \"xywh\": [292, 63, 540, 540], \"flip_h\": true, \"flip_v\": true}"}
{"validation_step": 100, "psnr": 29.340432415243797}
{"completed_steps": 100, "start_step": 4, "best_step": 100, "best_validation_psnr": 29.340432415243797, "wall_seconds": 173.1173260170035, "peak_memory_mib": 11108.6552734375, "mean_step_seconds": 1.1430225398386635, "stop_reason": "step_limit", "checkpoint_sha256": {"best.pth": "0252b7188b86e1f424a11ab65639e53bb769436ebec16555ea62938b26e7c1cf", "last.pth": "476bb92b208170bbefd557cc86463e7b95206eefbdc72353621c287b7eef33eb"}, "fixed_factors_verified": true}
